Using pre-set license
Built from '2020.3/release' branch; Version is '2020.3.7f1 (dd97f2c94397) revision 14522354'; Using compiler version '192528614'; Build Type 'Release'
OS: 'Windows 10 Pro; OS build 19043.964; Version 2009; 64bit' Language: 'de' Physical Memory: 16270 MB
BatchMode: 1, IsHumanControllingUs: 0, StartBugReporterOnCrash: 0, Is64bit: 1, IsPro: 0

 COMMAND LINE ARGUMENTS:
C:\Program Files\Unity\Hub\Editor\2020.3.7f1\Editor\Unity.exe
-adb2
-batchMode
-noUpm
-name
AssetImportWorker0
-projectPath
C:/Users/platt/Cat Runners
-logFile
Logs/AssetImportWorker0.log
-srvPort
60121
Successfully changed project path to: C:/Users/platt/Cat Runners
C:/Users/platt/Cat Runners
Using Asset Import Pipeline V2.
Refreshing native plugins compatible for Editor in 49.41 ms, found 1 plugins.
Preloading 0 native plugins for Editor in 0.00 ms.
Initialize engine version: 2020.3.7f1 (dd97f2c94397)
[Subsystems] Discovering subsystems at path C:/Program Files/Unity/Hub/Editor/2020.3.7f1/Editor/Data/Resources/UnitySubsystems
[Subsystems] Discovering subsystems at path C:/Users/platt/Cat Runners/Assets
GfxDevice: creating device client; threaded=0
Direct3D:
    Version:  Direct3D 11.0 [level 11.1]
    Renderer: Intel(R) HD Graphics 4600 (ID=0x412)
    Vendor:   
    VRAM:     2048 MB
    Driver:   20.19.15.4835
Initialize mono
Mono path[0] = 'C:/Program Files/Unity/Hub/Editor/2020.3.7f1/Editor/Data/Managed'
Mono path[1] = 'C:/Program Files/Unity/Hub/Editor/2020.3.7f1/Editor/Data/MonoBleedingEdge/lib/mono/unityjit'
Mono config path = 'C:/Program Files/Unity/Hub/Editor/2020.3.7f1/Editor/Data/MonoBleedingEdge/etc'
Using monoOptions --debugger-agent=transport=dt_socket,embedding=1,server=y,suspend=n,address=127.0.0.1:56304
Begin MonoManager ReloadAssembly
Registering precompiled unity dll's ...
Register platform support module: C:/Program Files/Unity/Hub/Editor/2020.3.7f1/Editor/Data/PlaybackEngines/WindowsStandaloneSupport/UnityEditor.WindowsStandalone.Extensions.dll
Registered in 0.003270 seconds.
Native extension for WindowsStandalone target not found
Refreshing native plugins compatible for Editor in 48.24 ms, found 1 plugins.
Preloading 0 native plugins for Editor in 0.00 ms.
Mono: successfully reloaded assembly
- Completed reload, in  2.282 seconds
Platform modules already initialized, skipping
Registering precompiled user dll's ...
Registered in 0.001988 seconds.
Begin MonoManager ReloadAssembly
Native extension for WindowsStandalone target not found
Refreshing native plugins compatible for Editor in 48.87 ms, found 1 plugins.
Preloading 0 native plugins for Editor in 0.00 ms.
Mono: successfully reloaded assembly
- Completed reload, in  1.383 seconds
Platform modules already initialized, skipping
========================================================================
Worker process is ready to serve import requests
Launched and connected shader compiler UnityShaderCompiler.exe after 0.06 seconds
Refreshing native plugins compatible for Editor in 1.43 ms, found 1 plugins.
Preloading 0 native plugins for Editor in 0.00 ms.
Unloading 1860 Unused Serialized files (Serialized files now loaded: 0)
System memory in use before: 86.2 MB.
System memory in use after: 86.3 MB.

Unloading 19 unused Assets to reduce memory usage. Loaded Objects now: 2309.
Total: 2.647700 ms (FindLiveObjects: 0.197300 ms CreateObjectMapping: 0.076300 ms MarkObjects: 2.293700 ms  DeleteObjects: 0.079100 ms)

========================================================================
Received Import Request.
  path: Assets/Assets/Cat (Run3).png
  artifactKey: Guid(67eb96c864409054f83a9a95a2d43fd9) Importer(815301076,1909f56bfc062723c751e8b465ee728b)
Start importing Assets/Assets/Cat (Run3).png using Guid(67eb96c864409054f83a9a95a2d43fd9) Importer(815301076,1909f56bfc062723c751e8b465ee728b)  -> (artifact id: '14ecc090a4626ad376e297c8128d4836') in 0.169764 seconds
  Import took 0.173692 seconds .

========================================================================
Received Import Request.
  Time since last request: 0.000222 seconds.
  path: Assets/Assets/Bad Dog (Run3).png
  artifactKey: Guid(126094a3a4739f04e92840d12e3d47ac) Importer(815301076,1909f56bfc062723c751e8b465ee728b)
Start importing Assets/Assets/Bad Dog (Run3).png using Guid(126094a3a4739f04e92840d12e3d47ac) Importer(815301076,1909f56bfc062723c751e8b465ee728b)  -> (artifact id: 'ec4e68d2194632d7a2e5a2b3797b235c') in 0.012645 seconds
  Import took 0.016786 seconds .

========================================================================
Received Import Request.
  Time since last request: 0.000218 seconds.
  path: Assets/Assets/Bad Dog (Run5).png
  artifactKey: Guid(c18dce52a7646e64d8a141df2bd57f5d) Importer(815301076,1909f56bfc062723c751e8b465ee728b)
Start importing Assets/Assets/Bad Dog (Run5).png using Guid(c18dce52a7646e64d8a141df2bd57f5d) Importer(815301076,1909f56bfc062723c751e8b465ee728b)  -> (artifact id: 'aec968812cade3521038eb83032ad8c3') in 0.021067 seconds
  Import took 0.037144 seconds .

========================================================================
Received Import Request.
  Time since last request: 0.000327 seconds.
  path: Assets/Assets/Foreground.png
  artifactKey: Guid(61fed83e7014b344c9f90a3d58b8992f) Importer(815301076,1909f56bfc062723c751e8b465ee728b)
Start importing Assets/Assets/Foreground.png using Guid(61fed83e7014b344c9f90a3d58b8992f) Importer(815301076,1909f56bfc062723c751e8b465ee728b)  -> (artifact id: '77348b67580d68fe95480f0d7edad6f9') in 0.010204 seconds
  Import took 0.015070 seconds .

========================================================================
Received Import Request.
  Time since last request: 0.000230 seconds.
  path: Assets/Assets/Settings Button.png
  artifactKey: Guid(045f5fe72da06e348a87637357bb73f4) Importer(815301076,1909f56bfc062723c751e8b465ee728b)
Start importing Assets/Assets/Settings Button.png using Guid(045f5fe72da06e348a87637357bb73f4) Importer(815301076,1909f56bfc062723c751e8b465ee728b)  -> (artifact id: '09bceb0869d6da8513af9e590408a5f7') in 0.012825 seconds
  Import took 0.016785 seconds .

========================================================================
Received Import Request.
  Time since last request: 0.000405 seconds.
  path: Assets/Assets/Bad Dog (Run4).png
  artifactKey: Guid(423b4b4de21758b469250f60643e1a07) Importer(815301076,1909f56bfc062723c751e8b465ee728b)
Start importing Assets/Assets/Bad Dog (Run4).png using Guid(423b4b4de21758b469250f60643e1a07) Importer(815301076,1909f56bfc062723c751e8b465ee728b)  -> (artifact id: '59cac97e0d72df7fbd8d832d70d7fe19') in 0.010765 seconds
  Import took 0.016435 seconds .

========================================================================
Received Import Request.
  Time since last request: 0.000197 seconds.
  path: Assets/Assets/Splash Background.png
  artifactKey: Guid(524b8ab0241445f43b39f425b96de280) Importer(815301076,1909f56bfc062723c751e8b465ee728b)
Start importing Assets/Assets/Splash Background.png using Guid(524b8ab0241445f43b39f425b96de280) Importer(815301076,1909f56bfc062723c751e8b465ee728b)  -> (artifact id: '4a90621d3aed597b85efcc58ddfdf857') in 0.012788 seconds
  Import took 0.019341 seconds .

========================================================================
Received Import Request.
  Time since last request: 0.000278 seconds.
  path: Assets/Assets/Shop Button.png
  artifactKey: Guid(319cd1702cb5f914c85c6ff6c120cb1c) Importer(815301076,1909f56bfc062723c751e8b465ee728b)
Start importing Assets/Assets/Shop Button.png using Guid(319cd1702cb5f914c85c6ff6c120cb1c) Importer(815301076,1909f56bfc062723c751e8b465ee728b)  -> (artifact id: 'b78941244d1221889be2e83eb48352e0') in 0.011943 seconds
  Import took 0.016198 seconds .

========================================================================
Received Import Request.
  Time since last request: 0.000192 seconds.
  path: Assets/Assets/Background (zoom).png
  artifactKey: Guid(59d29e0aa7d3e264084afa64f32eb8fd) Importer(815301076,1909f56bfc062723c751e8b465ee728b)
Start importing Assets/Assets/Background (zoom).png using Guid(59d29e0aa7d3e264084afa64f32eb8fd) Importer(815301076,1909f56bfc062723c751e8b465ee728b)  -> (artifact id: '7d2150015132e9df152a7bd3031b74b4') in 0.016213 seconds
  Import took 0.019672 seconds .

========================================================================
Received Import Request.
  Time since last request: 0.000193 seconds.
  path: Assets/Assets/Box.png
  artifactKey: Guid(4baab0085b25bf744b3b55bdb8b109fe) Importer(815301076,1909f56bfc062723c751e8b465ee728b)
Start importing Assets/Assets/Box.png using Guid(4baab0085b25bf744b3b55bdb8b109fe) Importer(815301076,1909f56bfc062723c751e8b465ee728b)  -> (artifact id: '7c3f876ac032b76f6e9192a9fa2c31e0') in 0.011777 seconds
  Import took 0.015269 seconds .

========================================================================
Received Import Request.
  Time since last request: 0.000180 seconds.
  path: Assets/Assets/Cat (Run4).png
  artifactKey: Guid(9b9df45fc08e6fb47834438c77afcd9d) Importer(815301076,1909f56bfc062723c751e8b465ee728b)
Start importing Assets/Assets/Cat (Run4).png using Guid(9b9df45fc08e6fb47834438c77afcd9d) Importer(815301076,1909f56bfc062723c751e8b465ee728b)  -> (artifact id: 'ef1fbefcba1bee9483890f794a1adcbe') in 0.008141 seconds
  Import took 0.011251 seconds .

========================================================================
Received Import Request.
  Time since last request: 0.000230 seconds.
  path: Assets/Assets/Background.png
  artifactKey: Guid(5a2c048ad73cf5f4b8c3710b87e808a1) Importer(815301076,1909f56bfc062723c751e8b465ee728b)
Start importing Assets/Assets/Background.png using Guid(5a2c048ad73cf5f4b8c3710b87e808a1) Importer(815301076,1909f56bfc062723c751e8b465ee728b)  -> (artifact id: '2a7a58db985341301470e525b6e44408') in 0.013407 seconds
  Import took 0.017086 seconds .

========================================================================
Received Import Request.
  Time since last request: 0.000195 seconds.
  path: Assets/Assets/Leave Button.png
  artifactKey: Guid(74d9afa56f573084cbb843d5388e8fc4) Importer(815301076,1909f56bfc062723c751e8b465ee728b)
Start importing Assets/Assets/Leave Button.png using Guid(74d9afa56f573084cbb843d5388e8fc4) Importer(815301076,1909f56bfc062723c751e8b465ee728b)  -> (artifact id: '603c2ff52aedb2e6a07c039db25a899e') in 0.010031 seconds
  Import took 0.014182 seconds .

========================================================================
Received Import Request.
  Time since last request: 0.000263 seconds.
  path: Assets/Assets/Skin Button.png
  artifactKey: Guid(da6a94fa84c2aff4e9dd30cde82a9ac9) Importer(815301076,1909f56bfc062723c751e8b465ee728b)
Start importing Assets/Assets/Skin Button.png using Guid(da6a94fa84c2aff4e9dd30cde82a9ac9) Importer(815301076,1909f56bfc062723c751e8b465ee728b)  -> (artifact id: '1901df5b214f0c5b100a2eae40dc4345') in 0.013277 seconds
  Import took 0.017372 seconds .

========================================================================
Received Import Request.
  Time since last request: 0.000332 seconds.
  path: Assets/Assets/Cat (Run2).png
  artifactKey: Guid(bd0ab1b225fa7c54a853180628965c35) Importer(815301076,1909f56bfc062723c751e8b465ee728b)
Start importing Assets/Assets/Cat (Run2).png using Guid(bd0ab1b225fa7c54a853180628965c35) Importer(815301076,1909f56bfc062723c751e8b465ee728b)  -> (artifact id: '66f8df8582e8dd996d7436e6c2b1ca7e') in 0.008730 seconds
  Import took 0.012647 seconds .

========================================================================
Received Import Request.
  Time since last request: 0.000195 seconds.
  path: Assets/Assets/Purple Button.png
  artifactKey: Guid(90321cf38ca7d9b498a85ac2b80322af) Importer(815301076,1909f56bfc062723c751e8b465ee728b)
Start importing Assets/Assets/Purple Button.png using Guid(90321cf38ca7d9b498a85ac2b80322af) Importer(815301076,1909f56bfc062723c751e8b465ee728b)  -> (artifact id: 'b8877320efb6d5965178a643b7a21fc7') in 0.009179 seconds
  Import took 0.013092 seconds .

========================================================================
Received Import Request.
  Time since last request: 0.000216 seconds.
  path: Assets/Assets/Green Button.png
  artifactKey: Guid(85ce7e5d9e6c593489765cb626a6af54) Importer(815301076,1909f56bfc062723c751e8b465ee728b)
Start importing Assets/Assets/Green Button.png using Guid(85ce7e5d9e6c593489765cb626a6af54) Importer(815301076,1909f56bfc062723c751e8b465ee728b)  -> (artifact id: '64b0b1e8029eece220b5edd0d39e2a9d') in 0.008506 seconds
  Import took 0.013634 seconds .

========================================================================
Received Import Request.
  Time since last request: 0.000228 seconds.
  path: Assets/Assets/Cat (Run1).png
  artifactKey: Guid(b0cb512519d57c04ca250af227b0d07b) Importer(815301076,1909f56bfc062723c751e8b465ee728b)
Start importing Assets/Assets/Cat (Run1).png using Guid(b0cb512519d57c04ca250af227b0d07b) Importer(815301076,1909f56bfc062723c751e8b465ee728b)  -> (artifact id: '4f04e2fd28c52f2897d4066b53885d93') in 0.008410 seconds
  Import took 0.012448 seconds .

========================================================================
Received Import Request.
  Time since last request: 0.000200 seconds.
  path: Assets/Assets/Back Button.png
  artifactKey: Guid(1cae11ceb6d71d1418071c8faaaddb09) Importer(815301076,1909f56bfc062723c751e8b465ee728b)
Start importing Assets/Assets/Back Button.png using Guid(1cae11ceb6d71d1418071c8faaaddb09) Importer(815301076,1909f56bfc062723c751e8b465ee728b)  -> (artifact id: '1dc7568c4eb1294fe98f94cdc141202c') in 0.009626 seconds
  Import took 0.016820 seconds .

========================================================================
Received Import Request.
  Time since last request: 0.000341 seconds.
  path: Assets/Assets/Bad Dog (Run1).png
  artifactKey: Guid(64b72ee2a5b896144a304ceeebb93923) Importer(815301076,1909f56bfc062723c751e8b465ee728b)
Start importing Assets/Assets/Bad Dog (Run1).png using Guid(64b72ee2a5b896144a304ceeebb93923) Importer(815301076,1909f56bfc062723c751e8b465ee728b)  -> (artifact id: '8b95078db1e2b91c882619d4c32f9599') in 0.008548 seconds
  Import took 0.013621 seconds .

========================================================================
Received Import Request.
  Time since last request: 0.000219 seconds.
  path: Assets/Assets/Bad Dog (Run2).png
  artifactKey: Guid(add044c9449d7924b8e0177071740324) Importer(815301076,1909f56bfc062723c751e8b465ee728b)
Start importing Assets/Assets/Bad Dog (Run2).png using Guid(add044c9449d7924b8e0177071740324) Importer(815301076,1909f56bfc062723c751e8b465ee728b)  -> (artifact id: 'a7859f8095a3ec156189f199818ae5b7') in 0.013449 seconds
  Import took 0.020028 seconds .

========================================================================
Received Import Request.
  Time since last request: 0.000214 seconds.
  path: Assets/Assets/Logo.png
  artifactKey: Guid(20adf8c837a0ddd47bd1e7749162a74d) Importer(815301076,1909f56bfc062723c751e8b465ee728b)
Start importing Assets/Assets/Logo.png using Guid(20adf8c837a0ddd47bd1e7749162a74d) Importer(815301076,1909f56bfc062723c751e8b465ee728b)  -> (artifact id: '6458577b8b880d41640734dfd18f4d89') in 0.014647 seconds
  Import took 0.018078 seconds .

========================================================================
Received Import Request.
  Time since last request: 53.194191 seconds.
  path: Assets/Assets/Text Logo.png
  artifactKey: Guid(a1aa5fd0e44560b42b846b1c99b763e1) Importer(815301076,1909f56bfc062723c751e8b465ee728b)
Start importing Assets/Assets/Text Logo.png using Guid(a1aa5fd0e44560b42b846b1c99b763e1) Importer(815301076,1909f56bfc062723c751e8b465ee728b)  -> (artifact id: 'da34a30c6fcdefc704e60f7015ce6d7b') in 0.019856 seconds
  Import took 0.026679 seconds .

========================================================================
Received Import Request.
  Time since last request: 0.006620 seconds.
  path: Assets/Assets/Text Logo.png
  artifactKey: Guid(a1aa5fd0e44560b42b846b1c99b763e1) Importer(815301076,1909f56bfc062723c751e8b465ee728b)
Start importing Assets/Assets/Text Logo.png using Guid(a1aa5fd0e44560b42b846b1c99b763e1) Importer(815301076,1909f56bfc062723c751e8b465ee728b)  -> (artifact id: 'da34a30c6fcdefc704e60f7015ce6d7b') in 0.015904 seconds
  Import took 0.020518 seconds .

========================================================================
Received Prepare
Registering precompiled user dll's ...
Registered in 0.006392 seconds.
Begin MonoManager ReloadAssembly
Native extension for WindowsStandalone target not found
Refreshing native plugins compatible for Editor in 0.81 ms, found 1 plugins.
Preloading 0 native plugins for Editor in 0.00 ms.
Mono: successfully reloaded assembly
- Completed reload, in  1.464 seconds
Platform modules already initialized, skipping
Refreshing native plugins compatible for Editor in 1.35 ms, found 1 plugins.
Preloading 0 native plugins for Editor in 0.00 ms.
Unloading 1850 Unused Serialized files (Serialized files now loaded: 0)
System memory in use before: 89.0 MB.
System memory in use after: 89.1 MB.

Unloading 8 unused Assets to reduce memory usage. Loaded Objects now: 2346.
Total: 4.113700 ms (FindLiveObjects: 0.299300 ms CreateObjectMapping: 0.243500 ms MarkObjects: 3.543200 ms  DeleteObjects: 0.025100 ms)

========================================================================
Received Prepare
Refreshing native plugins compatible for Editor in 4.64 ms, found 1 plugins.
Preloading 0 native plugins for Editor in 0.00 ms.
Unloading 6 Unused Serialized files (Serialized files now loaded: 0)
System memory in use before: 52.5 MB.
System memory in use after: 52.7 MB.

Unloading 5 unused Assets to reduce memory usage. Loaded Objects now: 2346.
Total: 5.060700 ms (FindLiveObjects: 0.381700 ms CreateObjectMapping: 1.360000 ms MarkObjects: 3.296600 ms  DeleteObjects: 0.019700 ms)

========================================================================
Received Import Request.
  Time since last request: 90.426070 seconds.
  path: Assets/Assets/Splash Background.png
  artifactKey: Guid(524b8ab0241445f43b39f425b96de280) Importer(815301076,1909f56bfc062723c751e8b465ee728b)
Start importing Assets/Assets/Splash Background.png using Guid(524b8ab0241445f43b39f425b96de280) Importer(815301076,1909f56bfc062723c751e8b465ee728b)  -> (artifact id: 'a4ce41d48a5741beb8124bfbfdd85824') in 0.107932 seconds
  Import took 0.113448 seconds .

========================================================================
Received Import Request.
  Time since last request: 0.000462 seconds.
  path: Assets/Assets/Text Logo.png
  artifactKey: Guid(a1aa5fd0e44560b42b846b1c99b763e1) Importer(815301076,1909f56bfc062723c751e8b465ee728b)
Start importing Assets/Assets/Text Logo.png using Guid(a1aa5fd0e44560b42b846b1c99b763e1) Importer(815301076,1909f56bfc062723c751e8b465ee728b)  -> (artifact id: '17b9505bcb3209b05f164a60c542af4c') in 0.017032 seconds
  Import took 0.021545 seconds .

========================================================================
Received Prepare
Refreshing native plugins compatible for Editor in 2.04 ms, found 1 plugins.
Preloading 0 native plugins for Editor in 0.00 ms.
Unloading 6 Unused Serialized files (Serialized files now loaded: 0)
System memory in use before: 52.6 MB.
System memory in use after: 52.7 MB.

Unloading 5 unused Assets to reduce memory usage. Loaded Objects now: 2347.
Total: 3.028100 ms (FindLiveObjects: 0.273000 ms CreateObjectMapping: 0.098200 ms MarkObjects: 2.638100 ms  DeleteObjects: 0.016600 ms)

========================================================================
Received Import Request.
  Time since last request: 126.133823 seconds.
  path: Assets/Scenes/Endless.unity
  artifactKey: Guid(2cda990e2423bbf4892e6590ba056729) Importer(815301076,1909f56bfc062723c751e8b465ee728b)
Start importing Assets/Scenes/Endless.unity using Guid(2cda990e2423bbf4892e6590ba056729) Importer(815301076,1909f56bfc062723c751e8b465ee728b)  -> (artifact id: '5fbd53280bfca51a280b3d57046ec209') in 0.008502 seconds
  Import took 0.018648 seconds .

========================================================================
Received Prepare
Registering precompiled user dll's ...
Registered in 0.001205 seconds.
Begin MonoManager ReloadAssembly
Native extension for WindowsStandalone target not found
Refreshing native plugins compatible for Editor in 0.45 ms, found 1 plugins.
Preloading 0 native plugins for Editor in 0.00 ms.
Mono: successfully reloaded assembly
- Completed reload, in  1.820 seconds
Platform modules already initialized, skipping
Switching build target platform(5) subTarget(0) extendedPlatform(0) -> platform(13) subTarget(537395200) extendedPlatform(0)
Refreshing native plugins compatible for Editor in 1.31 ms, found 1 plugins.
Preloading 0 native plugins for Editor in 0.00 ms.
Unloading 1854 Unused Serialized files (Serialized files now loaded: 0)
System memory in use before: 89.1 MB.
System memory in use after: 89.2 MB.

Unloading 8 unused Assets to reduce memory usage. Loaded Objects now: 2350.
Total: 2.842500 ms (FindLiveObjects: 0.206700 ms CreateObjectMapping: 0.075700 ms MarkObjects: 2.536500 ms  DeleteObjects: 0.021900 ms)

AssetImportParameters requested are different than current active one (requested -> active):
  custom:graphics/normal-map-encoding: 01000000000000000000000000000000 -> 02000000000000000000000000000000
========================================================================
Received Prepare
Refreshing native plugins compatible for Editor in 4.67 ms, found 1 plugins.
Preloading 0 native plugins for Editor in 0.00 ms.
Unloading 6 Unused Serialized files (Serialized files now loaded: 0)
System memory in use before: 52.6 MB.
System memory in use after: 52.7 MB.

Unloading 5 unused Assets to reduce memory usage. Loaded Objects now: 2350.
Total: 3.053700 ms (FindLiveObjects: 0.459700 ms CreateObjectMapping: 0.212700 ms MarkObjects: 2.360200 ms  DeleteObjects: 0.019500 ms)

========================================================================
Received Import Request.
  Time since last request: 42.251238 seconds.
  path: Assets/Scenes/GameSelector.unity
  artifactKey: Guid(e4d746c3119796a469433b5a3ce2fddf) Importer(815301076,1909f56bfc062723c751e8b465ee728b)
Start importing Assets/Scenes/GameSelector.unity using Guid(e4d746c3119796a469433b5a3ce2fddf) Importer(815301076,1909f56bfc062723c751e8b465ee728b)  -> (artifact id: '3cced596eb56d8b82f2b4ad904f7f805') in 0.022396 seconds
  Import took 0.028759 seconds .

========================================================================
Received Import Request.
  Time since last request: 2.930580 seconds.
  path: Assets/Scenes/ShopMenu.unity
  artifactKey: Guid(0eef9e30b1f545242b7ee3e28261e9cc) Importer(815301076,1909f56bfc062723c751e8b465ee728b)
Start importing Assets/Scenes/ShopMenu.unity using Guid(0eef9e30b1f545242b7ee3e28261e9cc) Importer(815301076,1909f56bfc062723c751e8b465ee728b)  -> (artifact id: '79abfb3e02493bf04eb044c1ee91247a') in 0.007310 seconds
  Import took 0.014383 seconds .

========================================================================
Received Import Request.
  Time since last request: 0.752163 seconds.
  path: Assets/Scenes/MainMenu.unity
  artifactKey: Guid(a1f09b5d499a39846a544e02b75dc406) Importer(815301076,1909f56bfc062723c751e8b465ee728b)
Start importing Assets/Scenes/MainMenu.unity using Guid(a1f09b5d499a39846a544e02b75dc406) Importer(815301076,1909f56bfc062723c751e8b465ee728b)  -> (artifact id: '5e57c5bbe017639e99a40780fa5781c6') in 0.006854 seconds
  Import took 0.013330 seconds .

========================================================================
Received Prepare
Registering precompiled user dll's ...
Registered in 0.002955 seconds.
Begin MonoManager ReloadAssembly
Native extension for WindowsStandalone target not found
Refreshing native plugins compatible for Editor in 0.46 ms, found 1 plugins.
Preloading 0 native plugins for Editor in 0.00 ms.
Mono: successfully reloaded assembly
- Completed reload, in  1.328 seconds
Platform modules already initialized, skipping
Switching build target platform(5) subTarget(0) extendedPlatform(0) -> platform(13) subTarget(537395200) extendedPlatform(0)
Refreshing native plugins compatible for Editor in 2.78 ms, found 1 plugins.
Preloading 0 native plugins for Editor in 0.00 ms.
Unloading 1854 Unused Serialized files (Serialized files now loaded: 0)
System memory in use before: 89.1 MB.
System memory in use after: 89.2 MB.

Unloading 8 unused Assets to reduce memory usage. Loaded Objects now: 2353.
Total: 2.553700 ms (FindLiveObjects: 0.191900 ms CreateObjectMapping: 0.152300 ms MarkObjects: 2.182200 ms  DeleteObjects: 0.026400 ms)

AssetImportParameters requested are different than current active one (requested -> active):
  custom:graphics/normal-map-encoding: 01000000000000000000000000000000 -> 02000000000000000000000000000000
========================================================================
Received Prepare
Registering precompiled user dll's ...
Registered in 0.001418 seconds.
Begin MonoManager ReloadAssembly
Native extension for WindowsStandalone target not found
Refreshing native plugins compatible for Editor in 0.55 ms, found 1 plugins.
Preloading 0 native plugins for Editor in 0.00 ms.
Mono: successfully reloaded assembly
- Completed reload, in  1.324 seconds
Platform modules already initialized, skipping
Switching build target platform(5) subTarget(0) extendedPlatform(0) -> platform(13) subTarget(537395200) extendedPlatform(0)
Refreshing native plugins compatible for Editor in 0.43 ms, found 1 plugins.
Preloading 0 native plugins for Editor in 0.00 ms.
Unloading 1854 Unused Serialized files (Serialized files now loaded: 0)
System memory in use before: 89.1 MB.
System memory in use after: 89.2 MB.

Unloading 8 unused Assets to reduce memory usage. Loaded Objects now: 2356.
Total: 2.554700 ms (FindLiveObjects: 0.312400 ms CreateObjectMapping: 0.090900 ms MarkObjects: 2.128900 ms  DeleteObjects: 0.020700 ms)

AssetImportParameters requested are different than current active one (requested -> active):
  custom:graphics/normal-map-encoding: 01000000000000000000000000000000 -> 02000000000000000000000000000000
========================================================================
Received Prepare
Registering precompiled user dll's ...
Registered in 0.001590 seconds.
Begin MonoManager ReloadAssembly
Native extension for WindowsStandalone target not found
Refreshing native plugins compatible for Editor in 0.72 ms, found 1 plugins.
Preloading 0 native plugins for Editor in 0.00 ms.
Mono: successfully reloaded assembly
- Completed reload, in  1.262 seconds
Platform modules already initialized, skipping
Switching build target platform(5) subTarget(0) extendedPlatform(0) -> platform(13) subTarget(537395200) extendedPlatform(0)
Refreshing native plugins compatible for Editor in 0.76 ms, found 1 plugins.
Preloading 0 native plugins for Editor in 0.00 ms.
Unloading 1854 Unused Serialized files (Serialized files now loaded: 0)
System memory in use before: 89.1 MB.
System memory in use after: 89.2 MB.

Unloading 8 unused Assets to reduce memory usage. Loaded Objects now: 2359.
Total: 2.311300 ms (FindLiveObjects: 0.246600 ms CreateObjectMapping: 0.085400 ms MarkObjects: 1.958400 ms  DeleteObjects: 0.019400 ms)

AssetImportParameters requested are different than current active one (requested -> active):
  custom:graphics/normal-map-encoding: 01000000000000000000000000000000 -> 02000000000000000000000000000000
========================================================================
Received Prepare
Registering precompiled user dll's ...
Registered in 0.002080 seconds.
Begin MonoManager ReloadAssembly
Native extension for WindowsStandalone target not found
Refreshing native plugins compatible for Editor in 0.43 ms, found 1 plugins.
Preloading 0 native plugins for Editor in 0.00 ms.
Mono: successfully reloaded assembly
- Completed reload, in  1.616 seconds
Platform modules already initialized, skipping
Switching build target platform(5) subTarget(0) extendedPlatform(0) -> platform(13) subTarget(537395200) extendedPlatform(0)
Refreshing native plugins compatible for Editor in 0.44 ms, found 1 plugins.
Preloading 0 native plugins for Editor in 0.00 ms.
Unloading 1854 Unused Serialized files (Serialized files now loaded: 0)
System memory in use before: 89.1 MB.
System memory in use after: 89.3 MB.

Unloading 8 unused Assets to reduce memory usage. Loaded Objects now: 2362.
Total: 2.552400 ms (FindLiveObjects: 0.193900 ms CreateObjectMapping: 0.074900 ms MarkObjects: 2.257300 ms  DeleteObjects: 0.025300 ms)

AssetImportParameters requested are different than current active one (requested -> active):
  custom:graphics/normal-map-encoding: 01000000000000000000000000000000 -> 02000000000000000000000000000000
========================================================================
Received Prepare
Registering precompiled user dll's ...
Registered in 0.003096 seconds.
Begin MonoManager ReloadAssembly
Native extension for WindowsStandalone target not found
Refreshing native plugins compatible for Editor in 0.47 ms, found 1 plugins.
Preloading 0 native plugins for Editor in 0.00 ms.
Mono: successfully reloaded assembly
- Completed reload, in  1.873 seconds
Platform modules already initialized, skipping
Switching build target platform(5) subTarget(0) extendedPlatform(0) -> platform(13) subTarget(537395200) extendedPlatform(0)
Refreshing native plugins compatible for Editor in 0.70 ms, found 1 plugins.
Preloading 0 native plugins for Editor in 0.00 ms.
Unloading 1854 Unused Serialized files (Serialized files now loaded: 0)
System memory in use before: 89.2 MB.
System memory in use after: 89.3 MB.

Unloading 8 unused Assets to reduce memory usage. Loaded Objects now: 2365.
Total: 2.834200 ms (FindLiveObjects: 0.405500 ms CreateObjectMapping: 0.104600 ms MarkObjects: 2.299600 ms  DeleteObjects: 0.022700 ms)

AssetImportParameters requested are different than current active one (requested -> active):
  custom:graphics/normal-map-encoding: 01000000000000000000000000000000 -> 02000000000000000000000000000000
AssetImportWorkerClient::OnTransportError - code=2 error=End of file
